Analyzing kiosk_application...                                  

  error - Undefined name 'Timer' - lib\core\services\database\sync_service.dart:14:5 - undefined_identifier
   info - The private field _records could be 'final' - lib\features\mobile\screens\mobile_history_screen.dart:14:30 - prefer_final_fields

flutter : 2 issues found. 
(ran in 1.6s)
At line:1 char:1
+ flutter analyze > 
errors.txt 2>&1; type 
errors.txt
+ ~~~~~~~~~~~~~~~~~~~~~~~~~~
~~~~~~~
    + CategoryInfo          
    : NotSpecified: (2 iss  
  ues found. (ran in 1.6s   
 ):String) [], RemoteExc    
eption
    + FullyQualifiedErrorId 
    : NativeCommandError
 
