00:00 +0: loading C:/KioskApplication/kiosk_application/test/unit/encryption_service_test.dart
00:00 +0: EncryptionService Tests Singleton returns same instance
00:00 +1: EncryptionService Tests Init generates key and encrypt/decrypt works
≡ƒöÉ Encryption initialized with NEW secure key.
00:00 +2: EncryptionService Tests Encrypting empty string returns encrypted data
Encryption Error: RangeError (start): Invalid value: Only valid value is 0: -16
00:00 +2 -1: EncryptionService Tests Encrypting empty string returns encrypted data [E]
  Expected: non-empty
    Actual: ''
  
  package:matcher                                     expect
  package:flutter_test/src/widget_tester.dart 473:18  expect
  test\unit\encryption_service_test.dart 68:7         main.<fn>.<fn>
  
00:00 +2 -1: EncryptionService Tests Decrypting invalid base64 returns original text (fallback)
00:00 +3 -1: Some tests failed.
